/*[[Generate delta values based on gv$sys_time_model. Usage: @@NAME {[keyword] [<inst_id>]}]]*/
{
    sql=[[
        SELECT inst_id, 
               NAME, 
               decode(CLASS,1,'User',2,'Redo',4,'Enqueue',8,'Cache',16,'OS',32,'RAC',64,'SQL',128,'DEBUG') class,
               value
        FROM   gv$sysstat
        WHERE  NAME != 'DB time'
        AND    (:V1 is null or lower(NAME) like lower('%&V1%'))
        AND    (:V2 is null OR inst_id=:V2)
    ]],
    agg_cols="value",
    grp_cols="inst_id,NAME,class",
    grp_cols="NAME"
}